## Design System: Tracker v2

### Design Dials
- **Motion:** 2/10 — Subtle
- **Density:** 8/10 — Dense / Dashboard

### Pattern
- **Name:** Product Demo + Features
- **Conversion Focus:** Use an interactive demo only when it explains value better than static media. Provide captions, transcript, visible play/pause controls, and a non-video fallback; do not autoplay under reduced motion. Pause media when offscreen or hidden and keep the final product state available as static content.
- **CTA Placement:** Video center + CTA right/bottom
- **Color Strategy:** Video surround: Brand color overlay. Features: Icon color #0080FF. Text: Dark #222
- **Sections:** Hero > Product video/mockup (center) > Feature breakdown per section > Comparison (optional) > CTA

### Style
- **Name:** Flat Design
- **Mode Support:** Light supported | Dark supported
- **Keywords:** 2D, minimalist, bold colors, no shadows, clean lines, simple shapes, typography-focused, modern, icon-heavy
- **Best For:** Web apps, mobile apps, cross-platform, startup MVPs, user-friendly, SaaS, dashboards, corporate
- **Performance:** cost:low|drivers:none | **Accessibility:** risk:low|requires:contrast-text-4.5,keyboard,visible-focus,reduced-motion

### Colors
| Role | Hex | CSS Variable |
|------|-----|--------------|
| Primary | `#0D9488` | `--color-primary` |
| On Primary | `#000000` | `--color-on-primary` |
| Secondary | `#14B8A6` | `--color-secondary` |
| On Secondary | `#0F172A` | `--color-on-secondary` |
| Accent/CTA | `#EA580C` | `--color-accent` |
| On Accent/CTA | `#000000` | `--color-on-accent` |
| Background | `#F0FDFA` | `--color-background` |
| Foreground | `#134E4A` | `--color-foreground` |
| Card | `#FFFFFF` | `--color-card` |
| Card Foreground | `#134E4A` | `--color-card-foreground` |
| Muted | `#E8F1F4` | `--color-muted` |
| Muted Foreground | `#475569` | `--color-muted-foreground` |
| Border | `#99F6E4` | `--color-border` |
| Destructive | `#DC2626` | `--color-destructive` |
| On Destructive | `#FFFFFF` | `--color-on-destructive` |
| Ring | `#0D9488` | `--color-ring` |

*Notes: Teal focus + action orange [Accent adjusted from #F97316]*

### Typography
- **Heading:** Plus Jakarta Sans
- **Body:** Plus Jakarta Sans
- **Mood:** friendly, modern, saas, clean, approachable, professional
- **Best For:** SaaS products, web apps, dashboards, B2B, productivity tools
- **Google Fonts:** https://fonts.googleapis.com/css2?family=Plus+Jakarta+Sans:wght@300;400;500;600;700&display=swap
- **CSS Import:**
```css
@import url('https://fonts.googleapis.com/css2?family=Plus+Jakarta+Sans:wght@300;400;500;600;700&display=swap');
```

### Key Effects
No gradients/shadows, simple hover (color/opacity shift), fast loading, clean transitions (150-200ms ease), minimal icons

### Motion
**Scroll Reveal** (Subtle) — Trigger: scroll (viewport enter) | Duration: 300-400ms | Easing: `power1.out`
```js
gsap.from(el, { opacity: 0, y: 12, duration: 0.35, ease: 'power1.out', scrollTrigger: { trigger: el, start: 'top 90%', toggleActions: 'play none none reverse' } });
```
*Framework notes: Requires the ScrollTrigger plugin registered once via gsap.registerPlugin(ScrollTrigger); Use matchMedia('(prefers-reduced-motion: reduce)') to skip non-essential motion and render the final state immediately*
- ✅ Keep the y offset small (8-16px) so it reads as a fade, not a slide
- ❌ Don't reveal below-the-fold content needed for SEO/crawlers as invisible-by-default without a no-JS fallback

### Avoid (Anti-patterns)
- Complex onboarding
- Slow performance

### Pre-Delivery Checklist
- [ ] No emojis as icons (use SVG: Heroicons/Lucide)
- [ ] cursor-pointer on all clickable elements
- [ ] Hover states with smooth transitions (150-300ms)
- [ ] Light mode: text contrast 4.5:1 minimum
- [ ] Focus states visible for keyboard nav
- [ ] prefers-reduced-motion respected
- [ ] Responsive: 375px, 768px, 1024px, 1440px


============================================================
✅ Design system persisted to /home/user/Tracker-BE/design-system/tracker-v2/
   📄 /home/user/Tracker-BE/design-system/tracker-v2/MASTER.md

📖 Usage: When building a page, check /home/user/Tracker-BE/design-system/tracker-v2/pages/[page].md first.
   If it exists, its rules override MASTER.md. Otherwise, use MASTER.md.
============================================================
